\BOOKMARK [0][-]{section*.2}{\376\377\000W\000e\000e\000k\000\040\0003\0009\000\040\000e\000x\000e\000r\000c\000i\000s\000e\000s}{}% 2
\BOOKMARK [1][-]{section*.1}{\376\377\000A\000b\000s\000t\000r\000a\000c\000t}{section*.2}% 1
\BOOKMARK [1][-]{section*.3}{\376\377\000I\000n\000t\000r\000o\000d\000u\000c\000t\000i\000o\000n}{section*.2}% 3
\BOOKMARK [2][-]{section*.4}{\376\377\000R\000u\000n\000g\000e\000s\000\040\000f\000u\000n\000c\000t\000i\000o\000n}{section*.3}% 4
\BOOKMARK [2][-]{section*.5}{\376\377\000M\000e\000t\000h\000o\000d\000s\000\040\000o\000f\000\040\000R\000e\000g\000r\000e\000s\000s\000i\000o\000n}{section*.3}% 5
\BOOKMARK [2][-]{section*.6}{\376\377\000R\000e\000s\000a\000m\000p\000l\000i\000n\000g\000\040\000m\000e\000t\000h\000o\000d\000s}{section*.3}% 6
\BOOKMARK [2][-]{section*.7}{\376\377\000O\000p\000t\000i\000m\000i\000s\000e\000r\000s}{section*.3}% 7
\BOOKMARK [1][-]{section*.8}{\376\377\000T\000h\000e\000o\000r\000y}{section*.2}% 8
\BOOKMARK [2][-]{section*.9}{\376\377\000I\000m\000p\000o\000r\000t\000a\000n\000t\000\040\000e\000q\000u\000a\000t\000i\000o\000n\000s\000\040\000f\000o\000r\000\040\000r\000e\000g\000r\000e\000s\000s\000i\000o\000n}{section*.8}% 9
\BOOKMARK [2][-]{section*.10}{\376\377\000T\000h\000e\000\040\000b\000i\000a\000s\000-\000v\000a\000r\000i\000a\000n\000c\000e\000\040\000t\000r\000a\000d\000e\000o\000f\000f}{section*.8}% 10
\BOOKMARK [3][-]{section*.11}{\376\377\000B\000i\000a\000s\000,\000\040\000v\000a\000r\000i\000a\000n\000c\000e\000,\000\040\000a\000n\000d\000\040\000i\000r\000r\000e\000d\000u\000c\000i\000b\000l\000e\000\040\000e\000r\000r\000o\000r}{section*.10}% 11
\BOOKMARK [3][-]{section*.12}{\376\377\000T\000h\000e\000\040\000b\000i\000a\000s\000-\000v\000a\000r\000i\000a\000t\000i\000o\000n\000\040\000t\000r\000a\000d\000e\000-\000o\000f\000f\000\040\000d\000e\000r\000i\000v\000a\000t\000i\000o\000n}{section*.10}% 12
\BOOKMARK [2][-]{section*.13}{\376\377\000S\000c\000a\000l\000i\000n\000g\000\040\000a\000n\000d\000\040\000i\000n\000t\000e\000r\000c\000e\000p\000t}{section*.8}% 13
\BOOKMARK [1][-]{section*.14}{\376\377\000M\000e\000t\000h\000o\000d\000s}{section*.2}% 14
\BOOKMARK [1][-]{section*.15}{\376\377\000R\000e\000s\000u\000l\000t\000s\000\040\000a\000n\000d\000\040\000D\000i\000s\000c\000u\000s\000s\000i\000o\000n}{section*.2}% 15
\BOOKMARK [2][-]{section*.16}{\376\377\000O\000r\000d\000i\000n\000a\000r\000y\000\040\000l\000e\000a\000s\000t\000\040\000s\000q\000u\000a\000r\000e\000s\000:\000\040\000m\000e\000a\000n\000\040\000s\000q\000u\000a\000r\000e\000\040\000e\000r\000r\000o\000r\000,\000\040\000c\000o\000e\000f\000f\000i\000c\000i\000e\000n\000t\000\040\000o\000f\000\040\000d\000e\000t\000e\000r\000m\000i\000n\000a\000t\000i\000o\000n\000,\000\040\000a\000n\000d\000\040\000p\000o\000l\000y\000n\000o\000m\000i\000a\000l\000\040\000d\000e\000g\000r\000e\000e}{section*.15}% 16
\BOOKMARK [2][-]{section*.19}{\376\377\000R\000i\000d\000g\000e\000\040\000R\000e\000g\000r\000e\000s\000s\000i\000o\000n}{section*.15}% 17
\BOOKMARK [2][-]{section*.21}{\376\377\000T\000h\000e\000\040\000b\000i\000a\000s\000-\000v\000a\000r\000i\000a\000n\000c\000e\000\040\000t\000r\000a\000d\000e\000o\000f\000f\000\040\000a\000n\000d\000\040\000t\000h\000e\000\040\000b\000o\000o\000t\000s\000t\000r\000a\000p}{section*.15}% 18
\BOOKMARK [2][-]{section*.24}{\376\377\000C\000r\000o\000s\000s\000\040\000v\000a\000l\000i\000d\000a\000t\000i\000o\000n}{section*.15}% 19
\BOOKMARK [1][-]{section*.28}{\376\377\000C\000o\000n\000c\000l\000u\000s\000i\000o\000n\000s}{section*.2}% 20
\BOOKMARK [1][-]{section*.29}{\376\377\000R\000e\000f\000e\000r\000e\000n\000c\000e\000s}{section*.2}% 21
\BOOKMARK [1][-]{section*.30}{\376\377\000U\000s\000e\000\040\000o\000f\000\040\000A\000I\000/\000L\000L\000M\000\040\000T\000o\000o\000l\000s}{section*.2}% 22
\BOOKMARK [2][-]{section*.31}{\376\377\000T\000o\000o\000l\000s\000\040\000u\000s\000e\000d}{section*.30}% 23
\BOOKMARK [2][-]{section*.32}{\376\377\000T\000e\000x\000t\000\040\000w\000r\000i\000t\000i\000n\000g\000\040\000a\000n\000d\000\040\000e\000d\000i\000t\000i\000n\000g}{section*.30}% 24
\BOOKMARK [2][-]{section*.33}{\376\377\000C\000o\000d\000e\000\040\000g\000e\000n\000e\000r\000a\000t\000i\000o\000n\000\040\000a\000n\000d\000\040\000a\000s\000s\000i\000s\000t\000a\000n\000c\000e}{section*.30}% 25
